// Jest Snapshot v1, https://goo.gl/fbAQLP

exports[`app component should match snapshot 1`] = `undefined`;
